// Vitest Snapshot v1, https://vitest.dev/guide/snapshot.html

exports[`Reviews component > renders fetched reviews 1`] = `
<div>
  <section
    aria-labelledby="reviews-title"
    class="py-12 sm:py-16 lg:py-20"
    id="reviews"
  >
    <div
      class="mx-auto max-w-screen-xl px-4 sm:px-6 lg:px-8"
    >
      <h2
        class="text-3xl font-extrabold text-center mb-8"
        id="reviews-title"
        style="font-family: Montserrat;"
      >
        Customer Reviews
      </h2>
      <div
        class="grid gap-8 md:grid-cols-3"
      >
        <article
          class="bg-white border border-[#E5E7EB] rounded-lg shadow-sm p-5"
        >
          <div
            class="flex items-center mb-4"
          >
            <img
              alt="Jane's profile photo"
              class="w-14 h-14 rounded-full object-cover"
              loading="lazy"
              src="avatar.jpg"
            />
            <div
              class="ml-4"
            >
              <p
                class="font-semibold"
              >
                Jane
              </p>
              <div
                aria-label="5 star rating"
                class="flex"
              >
                <svg
                  aria-hidden="true"
                  class="lucide lucide-star w-4 h-4 text-[#00B4D8] fill-[#00B4D8]"
                  fill="none"
                  height="24"
                  stroke="currentColor"
                  stroke-linecap="round"
                  stroke-linejoin="round"
                  stroke-width="2"
                  viewBox="0 0 24 24"
                  width="24"
                  xmlns="http://www.w3.org/2000/svg"
                >
                  <path
                    d="M11.525 2.295a.53.53 0 0 1 .95 0l2.31 4.679a2.123 2.123 0 0 0 1.595 1.16l5.166.756a.53.53 0 0 1 .294.904l-3.736 3.638a2.123 2.123 0 0 0-.611 1.878l.882 5.14a.53.53 0 0 1-.771.56l-4.618-2.428a2.122 2.122 0 0 0-1.973 0L6.396 21.01a.53.53 0 0 1-.77-.56l.881-5.139a2.122 2.122 0 0 0-.611-1.879L2.16 9.795a.53.53 0 0 1 .294-.906l5.165-.755a2.122 2.122 0 0 0 1.597-1.16z"
                  />
                </svg>
                <svg
                  aria-hidden="true"
                  class="lucide lucide-star w-4 h-4 text-[#00B4D8] fill-[#00B4D8]"
                  fill="none"
                  height="24"
                  stroke="currentColor"
                  stroke-linecap="round"
                  stroke-linejoin="round"
                  stroke-width="2"
                  viewBox="0 0 24 24"
                  width="24"
                  xmlns="http://www.w3.org/2000/svg"
                >
                  <path
                    d="M11.525 2.295a.53.53 0 0 1 .95 0l2.31 4.679a2.123 2.123 0 0 0 1.595 1.16l5.166.756a.53.53 0 0 1 .294.904l-3.736 3.638a2.123 2.123 0 0 0-.611 1.878l.882 5.14a.53.53 0 0 1-.771.56l-4.618-2.428a2.122 2.122 0 0 0-1.973 0L6.396 21.01a.53.53 0 0 1-.77-.56l.881-5.139a2.122 2.122 0 0 0-.611-1.879L2.16 9.795a.53.53 0 0 1 .294-.906l5.165-.755a2.122 2.122 0 0 0 1.597-1.16z"
                  />
                </svg>
                <svg
                  aria-hidden="true"
                  class="lucide lucide-star w-4 h-4 text-[#00B4D8] fill-[#00B4D8]"
                  fill="none"
                  height="24"
                  stroke="currentColor"
                  stroke-linecap="round"
                  stroke-linejoin="round"
                  stroke-width="2"
                  viewBox="0 0 24 24"
                  width="24"
                  xmlns="http://www.w3.org/2000/svg"
                >
                  <path
                    d="M11.525 2.295a.53.53 0 0 1 .95 0l2.31 4.679a2.123 2.123 0 0 0 1.595 1.16l5.166.756a.53.53 0 0 1 .294.904l-3.736 3.638a2.123 2.123 0 0 0-.611 1.878l.882 5.14a.53.53 0 0 1-.771.56l-4.618-2.428a2.122 2.122 0 0 0-1.973 0L6.396 21.01a.53.53 0 0 1-.77-.56l.881-5.139a2.122 2.122 0 0 0-.611-1.879L2.16 9.795a.53.53 0 0 1 .294-.906l5.165-.755a2.122 2.122 0 0 0 1.597-1.16z"
                  />
                </svg>
                <svg
                  aria-hidden="true"
                  class="lucide lucide-star w-4 h-4 text-[#00B4D8] fill-[#00B4D8]"
                  fill="none"
                  height="24"
                  stroke="currentColor"
                  stroke-linecap="round"
                  stroke-linejoin="round"
                  stroke-width="2"
                  viewBox="0 0 24 24"
                  width="24"
                  xmlns="http://www.w3.org/2000/svg"
                >
                  <path
                    d="M11.525 2.295a.53.53 0 0 1 .95 0l2.31 4.679a2.123 2.123 0 0 0 1.595 1.16l5.166.756a.53.53 0 0 1 .294.904l-3.736 3.638a2.123 2.123 0 0 0-.611 1.878l.882 5.14a.53.53 0 0 1-.771.56l-4.618-2.428a2.122 2.122 0 0 0-1.973 0L6.396 21.01a.53.53 0 0 1-.77-.56l.881-5.139a2.122 2.122 0 0 0-.611-1.879L2.16 9.795a.53.53 0 0 1 .294-.906l5.165-.755a2.122 2.122 0 0 0 1.597-1.16z"
                  />
                </svg>
                <svg
                  aria-hidden="true"
                  class="lucide lucide-star w-4 h-4 text-[#00B4D8] fill-[#00B4D8]"
                  fill="none"
                  height="24"
                  stroke="currentColor"
                  stroke-linecap="round"
                  stroke-linejoin="round"
                  stroke-width="2"
                  viewBox="0 0 24 24"
                  width="24"
                  xmlns="http://www.w3.org/2000/svg"
                >
                  <path
                    d="M11.525 2.295a.53.53 0 0 1 .95 0l2.31 4.679a2.123 2.123 0 0 0 1.595 1.16l5.166.756a.53.53 0 0 1 .294.904l-3.736 3.638a2.123 2.123 0 0 0-.611 1.878l.882 5.14a.53.53 0 0 1-.771.56l-4.618-2.428a2.122 2.122 0 0 0-1.973 0L6.396 21.01a.53.53 0 0 1-.77-.56l.881-5.139a2.122 2.122 0 0 0-.611-1.879L2.16 9.795a.53.53 0 0 1 .294-.906l5.165-.755a2.122 2.122 0 0 0 1.597-1.16z"
                  />
                </svg>
              </div>
            </div>
          </div>
          <p
            class="text-sm text-slate-700"
            style="overflow: hidden;"
          >
            Great work!
          </p>
          <a
            class="mt-4 block w-[120px] h-[120px]"
            href="full.jpg"
            rel="noopener"
            target="_blank"
          >
            <img
              alt="Customer submitted photo"
              class="w-[120px] h-[120px] object-cover rounded"
              loading="lazy"
              src="thumb.jpg"
            />
          </a>
          <a
            class="mt-4 inline-block text-sm text-[#00B4D8]"
            href="https://example.com"
            rel="noopener"
            target="_blank"
          >
            Read on Google
          </a>
        </article>
      </div>
      <div
        class="text-center mt-8"
      >
        <a
          class="text-sm text-[#00B4D8]"
          href="https://share.google/5FTrL7ap7qMBWKyVz"
          rel="noopener"
          target="_blank"
        >
          See all reviews on Google â†’
        </a>
      </div>
    </div>
  </section>
</div>
`;
